// Jest Snapshot v1, https://goo.gl/fbAQLP

exports[`Footer renders correctly 1`] = `
<footer
  className="footer"
>
  <span
    className="sitemapTitle"
  >
    <h1
      id="sitemap"
    >
      Sitemap
    </h1>
  </span>
  <nav
    aria-labelledby="sitemap"
    className="contentWrapper"
  >
    <ul
      className="secondaryLinks"
    >
      <li
        className="secondaryLinkItem"
      >
        <span
          className="mdc-typography--headline6"
        >
          <a
            className="secondaryLink"
            href="https://tutorbook.app/legal/#terms"
          >
            Terms
          </a>
        </span>
      </li>
      <li
        className="secondaryLinkItem"
      >
        <span
          className="mdc-typography--headline6"
        >
          <a
            className="secondaryLink"
            href="https://tutorbook.app/legal/#privacy"
          >
            Privacy
          </a>
        </span>
      </li>
      <li
        className="secondaryLinkItem"
      >
        <span
          className="mdc-typography--headline6"
        >
          <a
            className="secondaryLink"
            href="https://tutorbook.app/legal/#security"
          >
            Security
          </a>
        </span>
      </li>
    </ul>
  </nav>
</footer>
`;
